[static.wixstatic.com/media/546124_d70baf51439a4fe9af5b7ca9da8d6329_mv2.jpg/v1/fill/w_192,h_192,lg_1,usm_0.66_1.00_0.01/546124_d70baf51439a4fe9af5b7ca9da8d6329_mv2.jpg]
[static.wixstatic.com/media/546124_d70baf51439a4fe9af5b7ca9da8d6329_mv2.jpg/v1/fill/w_32,h_32,lg_1,usm_0.66_1.00_0.01/546124_d70baf51439a4fe9af5b7ca9da8d6329_mv2.jpg]
[static.wixstatic.com/media/546124_d70baf51439a4fe9af5b7ca9da8d6329_mv2.jpg/v1/fill/w_180,h_180,lg_1,usm_0.66_1.00_0.01/546124_d70baf51439a4fe9af5b7ca9da8d6329_mv2.jpg]
[static.parastorage.com/unpkg/@formatjs/intl-segmenter@11.7.10/polyfill.iife.js]
[static.parastorage.com/unpkg/core-js-bundle@3.2.1/minified.js]
[static.parastorage.com/unpkg/focus-within-polyfill@5.0.9/dist/focus-within-polyfill.js]
[www.david-declercq.com/O,location.6.delayed]
[www.david-declercq.com/e.7.delayed]
[www.david-declercq.com/t.8.delayed]
[backblue.gif]
[fade.gif]
[index.html]
[static.wixstatic.com/media/546124_f5586b66d3ac42cb8b2982e70ca31563_mv2_d_3/v1/fill/w_288,h_241,al_c,q_80,usm_0.66_1.00_0.01,blur_2/546124_f5586b66d3ac42cb8b2982e70ca31563_mv2_d_3446_2883_s_4_2.jpg]
[www.david-declercq.com/lees.html]
[www.david-declercq.com/schrijf.html]
[www.david-declercq.com/viering.html]
[www.david-declercq.com/muziek.html]
[www.david-declercq.com/video.html]
[www.david-declercq.com/${s.f.delayed]
[www.david-declercq.com/window.location.10.delayed]
[browser.sentry-cdn.com/7.120.3/bundle.tracing.es5.min.js]
[browser.sentry-cdn.com/7.120.3/modulemetadata.es5.min.js]
[www.david-declercq.com/sitemap.xml]
[www.david-declercq.com/feed.14.delayed]
[static.parastorage.com/unpkg/react@18.3.1/umd/react.production.min.js]
[static.parastorage.com/unpkg/react-dom@18.3.1/umd/react-dom.production.min.js]
[static.parastorage.com/unpkg/lodash@4.17.23/lodash.min.js]
[static.parastorage.com/services/wix-thunderbolt/dist/thunderbolt-commons.dd63d9c5.bundle.min.js]
[static.parastorage.com/services/wix-thunderbolt/dist/main.419556fe.bundle.min.js]
[static.parastorage.com/services/wix-thunderbolt/dist/main.renderer.99fa8096.bundle.min.js]
[static.parastorage.com/services/wix-thunderbolt/dist/browser-deprecation.bundle.es5.js]
[www.david-declercq.com/index.html]
[www.david-declercq.com/O,location.html]
[www.david-declercq.com/e.html]
[www.david-declercq.com/t.html]
[static.parastorage.com/services/tag-manager-client/1.1066.0/siteTags.bundle.min.js]
[www.david-declercq.com/lees.html]
[www.david-declercq.com/schrijf.html]
[www.david-declercq.com/leesaa63.html]
[www.david-declercq.com/woord-stef.html]
[www.david-declercq.com/woord-erna.html]
[www.david-declercq.com/woord-valerie.html]
[www.david-declercq.com/woord-jonas.html]
[www.david-declercq.com/woord-katleen.html]
[www.david-declercq.com/woord-tom.html]
[www.david-declercq.com/woord-koen.html]
[www.david-declercq.com/woord-johan-en-luc.html]
[www.david-declercq.com/woord-nico.html]
[www.david-declercq.com/woord-david.html]
[www.david-declercq.com/woord-lizzy.html]
[www.david-declercq.com/viering.html]
[www.david-declercq.com/muziek.html]
[www.david-declercq.com/video.html]
[www.david-declercq.com/${s.html]
[www.david-declercq.com/window.location.html]
[www.david-declercq.com/woord-mirte.html]
[www.david-declercq.com/api.2a.delayed]
[www.david-declercq.com/api/index.html]
[www.david-declercq.com/envelope.2b.delayed]
[www.david-declercq.com/envelope/index.html]
[www.david-declercq.com/feed.html]
[www.david-declercq.com/leesaa63.html]
[www.david-declercq.com/woord-stef.html]
[www.david-declercq.com/woord-erna.html]
[www.david-declercq.com/woord-valerie.html]
[www.david-declercq.com/woord-jonas.html]
[www.david-declercq.com/woord-katleen.html]
[www.david-declercq.com/woord-tom.html]
[www.david-declercq.com/woord-koen.html]
[www.david-declercq.com/woord-johan-en-luc.html]
[www.david-declercq.com/woord-nico.html]
[www.david-declercq.com/woord-david.html]
[www.david-declercq.com/woord-lizzy.html]
[www.david-declercq.com/woord-mirte.html]
[www.david-declercq.com/api.html]
[www.david-declercq.com/envelope.html]
[www.david-declercq.com/lees633e.html]
[www.david-declercq.com/lees633e.html]
[www.david-declercq.com/lees3597.html]
[www.david-declercq.com/lees3597.html]
[www.david-declercq.com/leese37e.html]
[www.david-declercq.com/leese37e.html]
[www.david-declercq.com/lees1d4b.html]
[www.david-declercq.com/lees1d4b.html]
[www.david-declercq.com/lees138e.html]
[www.david-declercq.com/lees138e.html]
[www.david-declercq.com/leesa8af.html]
[www.david-declercq.com/leesa8af.html]
[www.david-declercq.com/lees08f4.html]
[www.david-declercq.com/lees08f4.html]
[www.david-declercq.com/lees9fe8.html]
[www.david-declercq.com/lees9fe8.html]
[www.david-declercq.com/lees5ab3.html]
[www.david-declercq.com/lees5ab3.html]
[www.david-declercq.com/lees37f3.html]
[www.david-declercq.com/lees37f3.html]
[www.david-declercq.com/lees479a.html]
[www.david-declercq.com/lees479a.html]
[www.david-declercq.com/lees3f48.html]
[www.david-declercq.com/lees3f48.html]
[www.david-declercq.com/leesd1cf.html]
[www.david-declercq.com/leesd1cf.html]
[www.david-declercq.com/lees63bc.html]
[www.david-declercq.com/lees63bc.html]
[www.david-declercq.com/leesc60a.html]
[www.david-declercq.com/leesc60a.html]
[www.david-declercq.com/lees1dc5.html]
[www.david-declercq.com/lees1dc5.html]
[www.david-declercq.com/leesae20.html]
[www.david-declercq.com/leesae20.html]
[www.david-declercq.com/lees4743.html]
[www.david-declercq.com/lees4743.html]
[www.david-declercq.com/leese56c.html]
[www.david-declercq.com/leese56c.html]
[www.david-declercq.com/leesa3ce.html]
[www.david-declercq.com/leesa3ce.html]
[www.david-declercq.com/lees3e30.html]
[www.david-declercq.com/lees3e30.html]
[www.david-declercq.com/lees906b.html]
[www.david-declercq.com/lees906b.html]
[www.david-declercq.com/lees44f4.html]
[www.david-declercq.com/lees44f4.html]
[www.david-declercq.com/leesc7a6.html]
[www.david-declercq.com/leesc7a6.html]
[www.david-declercq.com/lees622b.html]
[www.david-declercq.com/lees622b.html]
[www.david-declercq.com/leesce5b.html]
[www.david-declercq.com/leesce5b.html]
[www.david-declercq.com/lees1c4f.html]
[www.david-declercq.com/lees1c4f.html]
[www.david-declercq.com/leesfc38.html]
[www.david-declercq.com/leesfc38.html]
[www.david-declercq.com/leesdf00.html]
[www.david-declercq.com/leesdf00.html]
[www.david-declercq.com/lees00c2.html]
[www.david-declercq.com/lees00c2.html]
[www.david-declercq.com/lees442b.html]
[www.david-declercq.com/lees442b.html]
[www.david-declercq.com/leesd5e3.html]
[www.david-declercq.com/leesd5e3.html]
[www.david-declercq.com/leesc7d7.html]
[www.david-declercq.com/leesc7d7.html]
[www.david-declercq.com/lees3bbf.html]
[www.david-declercq.com/lees3bbf.html]
[www.david-declercq.com/lees03a8.html]
[www.david-declercq.com/lees03a8.html]
[www.david-declercq.com/leesc779.html]
[www.david-declercq.com/leesc779.html]
[www.david-declercq.com/lees96de.html]
[www.david-declercq.com/lees96de.html]
[www.david-declercq.com/lees8ed3.html]
[www.david-declercq.com/lees8ed3.html]
[www.david-declercq.com/leesb8b9.html]
[www.david-declercq.com/leesb8b9.html]
[www.david-declercq.com/leescb23.html]
[www.david-declercq.com/leescb23.html]
[www.david-declercq.com/leesd087.html]
[www.david-declercq.com/leesd087.html]
[www.david-declercq.com/lees8244.html]
[www.david-declercq.com/lees8244.html]
[www.david-declercq.com/leesb921.html]
[www.david-declercq.com/leesb921.html]
[www.david-declercq.com/leesdec6.html]
[www.david-declercq.com/leesdec6.html]
[www.david-declercq.com/leesaafb.html]
[www.david-declercq.com/leesaafb.html]
[www.david-declercq.com/lees0e8f.html]
[www.david-declercq.com/lees0e8f.html]
[www.david-declercq.com/leese05b.html]
[www.david-declercq.com/leese05b.html]
[www.david-declercq.com/lees8395.html]
[www.david-declercq.com/lees8395.html]
